32, 128, 3, 4, 5, 105, 21, 2
11111111 11111111 11111100 00000000 00000000 00000000 00000000 00000000 00000000 00000000 00000000 00000000 00000000 00000000 00000000 00000001 
11111111 11100000 00000000 00000000 
[1] d, 1024, 3, 2 |  9
