32, 128, 3, 4, 5, 90, 20, 2
11111111 11111111 11111100 00000000 00010000 00000000 00000000 00000111 00000010 00000000 00111111 11110000 00000000 00000000 00000000 00000001 
11111111 11110000 00000000 00000000 
[1] d, 1024, 3, 2 |  9
[11] f, 13440, 1, 30 |  62 63 64 83 84 85 86 87 88 89 90 91 36
