32, 128, 3, 4, 5, 101, 17, 4
11111111 11111111 11111110 00000000 00010000 10000000 00000000 00000000 00000000 00000000 00000000 00000000 00000000 00000000 00000000 00000011 
11111111 11111001 10000000 00000000 
[1] d, 1024, 4, 2 |  9
[11] d, 1024, 3, 2 |  127
[12] d, 1024, 2, 2 |  23
[15] f, 38, 1, 2 |  41
[16] f, 33, 1, 2 |  36
